{
 "pages_scanned": 75,
 "threshold": 0.2,
 "severity_counts": {
  "SEVERE": 11,
  "MODERATE": 45,
  "BELOW THRESHOLD": 18,
  "CLEAN": 1
 },
 "severity_by_class": {
  "home": {
   "BELOW THRESHOLD": 1
  },
  "service": {
   "SEVERE": 10
  },
  "suburb": {
   "MODERATE": 45,
   "BELOW THRESHOLD": 15
  },
  "utility": {
   "SEVERE": 1,
   "BELOW THRESHOLD": 2,
   "CLEAN": 1
  }
 },
 "severe_pages": 11,
 "severe_filler_words": 19060,
 "pages_over_threshold": 56,
 "pages_with_any_filler": 74,
 "pages_clean": 1,
 "total_body_words": 33622,
 "total_filler_words": 20536,
 "corpus_filler_pct": 0.6108,
 "over_by_class": {
  "service": 10,
  "utility": 1,
  "suburb": 45
 },
 "all_by_class": {
  "service": 10,
  "utility": 4,
  "suburb": 60,
  "home": 1
 },
 "worst": [
  [
   "concrete-crossovers-and-laybacks-south-west-sydney",
   "service",
   "0.9370"
  ],
  [
   "commercial-concreting-south-west-sydney",
   "service",
   "0.9354"
  ],
  [
   "shed-and-garage-slabs-south-west-sydney",
   "service",
   "0.9336"
  ],
  [
   "concrete-paths-south-west-sydney",
   "service",
   "0.9118"
  ],
  [
   "concrete-patios-south-west-sydney",
   "service",
   "0.9082"
  ],
  [
   "exposed-aggregate-south-west-sydney",
   "service",
   "0.8979"
  ],
  [
   "concrete-driveway-replacement-south-west-sydney",
   "service",
   "0.8936"
  ],
  [
   "concrete-slabs-south-west-sydney",
   "service",
   "0.8922"
  ],
  [
   "concrete-driveways-south-west-sydney",
   "service",
   "0.8724"
  ],
  [
   "decorative-concrete-south-west-sydney",
   "service",
   "0.7913"
  ],
  [
   "about",
   "utility",
   "0.3926"
  ],
  [
   "concreters-len-waters-estate",
   "suburb",
   "0.2551"
  ]
 ],
 "best": [
  [
   "concreters-gregory-hills",
   "suburb",
   "0.0090"
  ],
  [
   "concreters-cobbitty",
   "suburb",
   "0.0090"
  ],
  [
   "concreters-currans-hill",
   "suburb",
   "0.0090"
  ],
  [
   "concreters-catherine-field",
   "suburb",
   "0.0089"
  ],
  [
   "concreters-mount-annan",
   "suburb",
   "0.0087"
  ],
  [
   "concreters-spring-farm",
   "suburb",
   "0.0085"
  ],
  [
   "concreters-bringelly",
   "suburb",
   "0.0047"
  ],
  [
   "gallery",
   "utility",
   "0.0000"
  ]
 ]
}
